Archive member included to satisfy reference by file (symbol)

/home/way/Programs/gcc-arm-none-eabi/bin/../lib/gcc/arm-none-eabi/9.3.1/../../../../arm-none-eabi/lib/thumb/v7e-m+fp/hard/libc_nano.a(lib_a-exit.o)
                              /home/way/Programs/gcc-arm-none-eabi/bin/../lib/gcc/arm-none-eabi/9.3.1/../../../../arm-none-eabi/lib/thumb/v7e-m+fp/hard/crt0.o (exit)
/home/way/Programs/gcc-arm-none-eabi/bin/../lib/gcc/arm-none-eabi/9.3.1/../../../../arm-none-eabi/lib/thumb/v7e-m+fp/hard/libc_nano.a(lib_a-impure.o)
                              /home/way/Programs/gcc-arm-none-eabi/bin/../lib/gcc/arm-none-eabi/9.3.1/../../../../arm-none-eabi/lib/thumb/v7e-m+fp/hard/libc_nano.a(lib_a-exit.o) (_global_impure_ptr)
/home/way/Programs/gcc-arm-none-eabi/bin/../lib/gcc/arm-none-eabi/9.3.1/../../../../arm-none-eabi/lib/thumb/v7e-m+fp/hard/libc_nano.a(lib_a-init.o)
                              /home/way/Programs/gcc-arm-none-eabi/bin/../lib/gcc/arm-none-eabi/9.3.1/../../../../arm-none-eabi/lib/thumb/v7e-m+fp/hard/crt0.o (__libc_init_array)
/home/way/Programs/gcc-arm-none-eabi/bin/../lib/gcc/arm-none-eabi/9.3.1/../../../../arm-none-eabi/lib/thumb/v7e-m+fp/hard/libc_nano.a(lib_a-memset.o)
                              /home/way/Programs/gcc-arm-none-eabi/bin/../lib/gcc/arm-none-eabi/9.3.1/../../../../arm-none-eabi/lib/thumb/v7e-m+fp/hard/crt0.o (memset)
/home/way/Programs/gcc-arm-none-eabi/bin/../lib/gcc/arm-none-eabi/9.3.1/../../../../arm-none-eabi/lib/thumb/v7e-m+fp/hard/libnosys.a(_exit.o)
                              /home/way/Programs/gcc-arm-none-eabi/bin/../lib/gcc/arm-none-eabi/9.3.1/../../../../arm-none-eabi/lib/thumb/v7e-m+fp/hard/libc_nano.a(lib_a-exit.o) (_exit)

Allocating common symbols
Common symbol       size              file

OSLockNesting       0x1               build/os_core.o
OSTaskRegNextAvailID
                    0x1               build/os_core.o
OSRunning           0x1               build/os_core.o
OSIdleCtr           0x4               build/os_core.o
OSPrioHighRdy       0x1               build/os_core.o
OSFlagTbl           0x50              build/os_core.o
OSPrioCur           0x1               build/os_core.o
OSTCBList           0x4               build/os_core.o
OSTickStepState     0x1               build/os_core.o
OSTaskStatStk       0x200             build/os_core.o
OSCtxSwCtr          0x4               build/os_core.o
OSIdleCtrMax        0x4               build/os_core.o
OSTCBFreeList       0x4               build/os_core.o
OS_CPU_ExceptStkBase
                    0x4               build/os_cpu_c.o
OSCPUUsage          0x1               build/os_core.o
OSTaskCtr           0x1               build/os_core.o
OSQTbl              0x60              build/os_core.o
OSTCBHighRdy        0x4               build/os_core.o
OSQFreeList         0x4               build/os_core.o
OSRdyGrp            0x1               build/os_core.o
OSRdyTbl            0x8               build/os_core.o
OSEventFreeList     0x4               build/os_core.o
OS_CPU_ExceptStk    0x200             build/os_cpu_c.o
OSIntNesting        0x1               build/os_core.o
OSTCBCur            0x4               build/os_core.o
OSTime              0x4               build/os_core.o
OSTaskIdleStk       0x200             build/os_core.o
OSEventTbl          0x1e0             build/os_core.o
OSTCBTbl            0x790             build/os_core.o
OSFlagFreeList      0x4               build/os_core.o
OSStatRdy           0x1               build/os_core.o
OSTCBPrioTbl        0x100             build/os_core.o
OSIdleCtrRun        0x4               build/os_core.o

Discarded input sections

 .text          0x0000000000000000        0x0 /home/way/Programs/gcc-arm-none-eabi/bin/../lib/gcc/arm-none-eabi/9.3.1/thumb/v7e-m+fp/hard/crti.o
 .data          0x0000000000000000        0x0 /home/way/Programs/gcc-arm-none-eabi/bin/../lib/gcc/arm-none-eabi/9.3.1/thumb/v7e-m+fp/hard/crti.o
 .bss           0x0000000000000000        0x0 /home/way/Programs/gcc-arm-none-eabi/bin/../lib/gcc/arm-none-eabi/9.3.1/thumb/v7e-m+fp/hard/crti.o
 .data          0x0000000000000000        0x4 /home/way/Programs/gcc-arm-none-eabi/bin/../lib/gcc/arm-none-eabi/9.3.1/thumb/v7e-m+fp/hard/crtbegin.o
 .text          0x0000000000000000       0x7c /home/way/Programs/gcc-arm-none-eabi/bin/../lib/gcc/arm-none-eabi/9.3.1/../../../../arm-none-eabi/lib/thumb/v7e-m+fp/hard/crt0.o
 .data          0x0000000000000000        0x0 /home/way/Programs/gcc-arm-none-eabi/bin/../lib/gcc/arm-none-eabi/9.3.1/../../../../arm-none-eabi/lib/thumb/v7e-m+fp/hard/crt0.o
 .bss           0x0000000000000000        0x0 /home/way/Programs/gcc-arm-none-eabi/bin/../lib/gcc/arm-none-eabi/9.3.1/../../../../arm-none-eabi/lib/thumb/v7e-m+fp/hard/crt0.o
 .ARM.extab     0x0000000000000000        0x0 /home/way/Programs/gcc-arm-none-eabi/bin/../lib/gcc/arm-none-eabi/9.3.1/../../../../arm-none-eabi/lib/thumb/v7e-m+fp/hard/crt0.o
[...]
Memory Configuration

Name             Origin             Length             Attributes
RAM              0x0000000020000000 0x0000000000020000 xrw
CCMRAM           0x0000000010000000 0x0000000000010000 rw
FLASH            0x0000000008000000 0x0000000000100000 xr
*default*        0x0000000000000000 0xffffffffffffffff

Linker script and memory map

LOAD /home/way/Programs/gcc-arm-none-eabi/bin/../lib/gcc/arm-none-eabi/9.3.1/thumb/v7e-m+fp/hard/crti.o
LOAD /home/way/Programs/gcc-arm-none-eabi/bin/../lib/gcc/arm-none-eabi/9.3.1/thumb/v7e-m+fp/hard/crtbegin.o
LOAD /home/way/Programs/gcc-arm-none-eabi/bin/../lib/gcc/arm-none-eabi/9.3.1/../../../../arm-none-eabi/lib/thumb/v7e-m+fp/hard/crt0.o
LOAD build/main.o
LOAD build/stm32f4xx_it.o
LOAD build/system_stm32f4xx.o
LOAD build/misc.o
LOAD build/stm32f4xx_can.o
LOAD build/stm32f4xx_adc.o
LOAD build/stm32f4xx_crc.o
LOAD build/stm32f4xx_cryp.o
LOAD build/stm32f4xx_cryp_aes.o
LOAD build/stm32f4xx_cryp_des.o
LOAD build/stm32f4xx_cryp_tdes.o
LOAD build/stm32f4xx_dac.o
LOAD build/stm32f4xx_dbgmcu.o
LOAD build/stm32f4xx_dcmi.o
LOAD build/stm32f4xx_dma.o
LOAD build/stm32f4xx_exti.o
LOAD build/stm32f4xx_flash.o
LOAD build/stm32f4xx_fsmc.o
LOAD build/stm32f4xx_gpio.o
LOAD build/stm32f4xx_hash.o
LOAD build/stm32f4xx_hash_md5.o
LOAD build/stm32f4xx_hash_sha1.o
LOAD build/stm32f4xx_i2c.o
LOAD build/stm32f4xx_iwdg.o
LOAD build/stm32f4xx_pwr.o
LOAD build/stm32f4xx_rcc.o
LOAD build/stm32f4xx_rng.o
LOAD build/stm32f4xx_rtc.o
LOAD build/stm32f4xx_sdio.o
LOAD build/stm32f4xx_spi.o
LOAD build/stm32f4xx_syscfg.o
LOAD build/stm32f4xx_tim.o
LOAD build/stm32f4xx_usart.o
LOAD build/stm32f4xx_wwdg.o
LOAD build/os_core.o
LOAD build/os_flag.o
LOAD build/os_mbox.o
LOAD build/os_mem.o
LOAD build/os_mutex.o
LOAD build/os_q.o
LOAD build/os_sem.o
LOAD build/os_task.o
LOAD build/os_time.o
LOAD build/os_tmr.o
LOAD build/os_cpu_c.o
LOAD build/os_dbg.o
LOAD build/startup_stm32f405xx.o
LOAD build/os_cpu_a.o
LOAD /home/way/Programs/gcc-arm-none-eabi/bin/../lib/gcc/arm-none-eabi/9.3.1/../../../../arm-none-eabi/lib/thumb/v7e-m+fp/hard/libc_nano.a
LOAD /home/way/Programs/gcc-arm-none-eabi/bin/../lib/gcc/arm-none-eabi/9.3.1/../../../../arm-none-eabi/lib/thumb/v7e-m+fp/hard/libm.a
LOAD /home/way/Programs/gcc-arm-none-eabi/bin/../lib/gcc/arm-none-eabi/9.3.1/../../../../arm-none-eabi/lib/thumb/v7e-m+fp/hard/libnosys.a
START GROUP
LOAD /home/way/Programs/gcc-arm-none-eabi/bin/../lib/gcc/arm-none-eabi/9.3.1/thumb/v7e-m+fp/hard/libgcc.a
LOAD /home/way/Programs/gcc-arm-none-eabi/bin/../lib/gcc/arm-none-eabi/9.3.1/../../../../arm-none-eabi/lib/thumb/v7e-m+fp/hard/libc_nano.a
END GROUP
START GROUP
LOAD /home/way/Programs/gcc-arm-none-eabi/bin/../lib/gcc/arm-none-eabi/9.3.1/thumb/v7e-m+fp/hard/libgcc.a
LOAD /home/way/Programs/gcc-arm-none-eabi/bin/../lib/gcc/arm-none-eabi/9.3.1/../../../../arm-none-eabi/lib/thumb/v7e-m+fp/hard/libc_nano.a
END GROUP
LOAD /home/way/Programs/gcc-arm-none-eabi/bin/../lib/gcc/arm-none-eabi/9.3.1/thumb/v7e-m+fp/hard/crtend.o
LOAD /home/way/Programs/gcc-arm-none-eabi/bin/../lib/gcc/arm-none-eabi/9.3.1/thumb/v7e-m+fp/hard/crtn.o
                0x0000000020020000                _estack = 0x20020000
                0x0000000000000200                _Min_Heap_Size = 0x200
                0x0000000000000400                _Min_Stack_Size = 0x400

.isr_vector     0x0000000008000000      0x188
                0x0000000008000000                . = ALIGN (0x4)
 *(.isr_vector)
 .isr_vector    0x0000000008000000      0x188 build/startup_stm32f405xx.o
                0x0000000008000000                g_pfnVectors
                0x0000000008000188                . = ALIGN (0x4)

.text           0x0000000008000188      0x378
                0x0000000008000188                . = ALIGN (0x4)
 *(.text)
 .text          0x0000000008000188       0x40 /home/way/Programs/gcc-arm-none-eabi/bin/../lib/gcc/arm-none-eabi/9.3.1/thumb/v7e-m+fp/hard/crtbegin.o
 *(.text*)
 .text.delay_ms
                0x00000000080001c8       0x2c build/main.o
                0x00000000080001c8                delay_ms
 .text.LedInit  0x00000000080001f4       0x40 build/main.o
                0x00000000080001f4                LedInit
 .text.main     0x0000000008000234       0x48 build/main.o
                0x0000000008000234                main
 .text.NMI_Handler
                0x000000000800027c        0x2 build/stm32f4xx_it.o
                0x000000000800027c                NMI_Handler
 .text.MemManage_Handler
                0x000000000800027e        0x2 build/stm32f4xx_it.o
                0x000000000800027e                MemManage_Handler
 .text.BusFault_Handler
                0x0000000008000280        0x2 build/stm32f4xx_it.o
                0x0000000008000280                BusFault_Handler
 .text.UsageFault_Handler
                0x0000000008000282        0x2 build/stm32f4xx_it.o
                0x0000000008000282                UsageFault_Handler
 .text.SVC_Handler
                0x0000000008000284        0x2 build/stm32f4xx_it.o
                0x0000000008000284                SVC_Handler
 .text.DebugMon_Handler
                0x0000000008000286        0x2 build/stm32f4xx_it.o
                0x0000000008000286                DebugMon_Handler
 .text.SetSysClock
                0x0000000008000288       0xc4 build/system_stm32f4xx.o
 .text.SystemInit
                0x000000000800034c       0x50 build/system_stm32f4xx.o
                0x000000000800034c                SystemInit
 .text.GPIO_Init
                0x000000000800039c       0x8c build/stm32f4xx_gpio.o
                0x000000000800039c                GPIO_Init
 .text.GPIO_SetBits
                0x0000000008000428        0x4 build/stm32f4xx_gpio.o
                0x0000000008000428                GPIO_SetBits
 .text.GPIO_ResetBits
                0x000000000800042c        0x4 build/stm32f4xx_gpio.o
                0x000000000800042c                GPIO_ResetBits
 .text.RCC_AHB1PeriphClockCmd
                0x0000000008000430       0x1c build/stm32f4xx_rcc.o
                0x0000000008000430                RCC_AHB1PeriphClockCmd
 .text.Reset_Handler
                0x000000000800044c       0x50 build/startup_stm32f405xx.o
                0x000000000800044c                Reset_Handler
 .text.Default_Handler
                0x000000000800049c        0x2 build/startup_stm32f405xx.o
                0x000000000800049c                RTC_Alarm_IRQHandler
                0x000000000800049c                HASH_RNG_IRQHandler
                0x000000000800049c                EXTI2_IRQHandler
                0x000000000800049c                TIM8_CC_IRQHandler
                0x000000000800049c                TIM1_CC_IRQHandler
                0x000000000800049c                DMA2_Stream5_IRQHandler
                0x000000000800049c                HardFault_Handler
                0x000000000800049c                DMA1_Stream5_IRQHandler
                0x000000000800049c                SysTick_Handler
                0x000000000800049c                PVD_IRQHandler
                0x000000000800049c                SDIO_IRQHandler
                0x000000000800049c                TAMP_STAMP_IRQHandler
                0x000000000800049c                PendSV_Handler
                0x000000000800049c                CAN2_RX1_IRQHandler
                0x000000000800049c                EXTI3_IRQHandler
                0x000000000800049c                TIM8_TRG_COM_TIM14_IRQHandler
                0x000000000800049c                TIM1_UP_TIM10_IRQHandler
                0x000000000800049c                TIM8_UP_TIM13_IRQHandler
                0x000000000800049c                I2C3_ER_IRQHandler
                0x000000000800049c                EXTI0_IRQHandler
                0x000000000800049c                I2C2_EV_IRQHandler
                0x000000000800049c                DMA1_Stream2_IRQHandler
                0x000000000800049c                CAN1_RX0_IRQHandler
                0x000000000800049c                FPU_IRQHandler
                0x000000000800049c                OTG_HS_WKUP_IRQHandler
                0x000000000800049c                CAN2_SCE_IRQHandler
                0x000000000800049c                DMA2_Stream2_IRQHandler
                0x000000000800049c                SPI1_IRQHandler
                0x000000000800049c                TIM6_DAC_IRQHandler
                0x000000000800049c                TIM1_BRK_TIM9_IRQHandler
                0x000000000800049c                CAN2_RX0_IRQHandler
                0x000000000800049c                DMA2_Stream3_IRQHandler
                0x000000000800049c                USART6_IRQHandler
                0x000000000800049c                USART3_IRQHandler
                0x000000000800049c                CAN1_RX1_IRQHandler
                0x000000000800049c                UART5_IRQHandler
                0x000000000800049c                DMA2_Stream0_IRQHandler
                0x000000000800049c                TIM4_IRQHandler
                0x000000000800049c                I2C1_EV_IRQHandler
                0x000000000800049c                DMA1_Stream6_IRQHandler
                0x000000000800049c                DMA1_Stream1_IRQHandler
                0x000000000800049c                UART4_IRQHandler
                0x000000000800049c                TIM3_IRQHandler
                0x000000000800049c                RCC_IRQHandler
                0x000000000800049c                TIM8_BRK_TIM12_IRQHandler
                0x000000000800049c                Default_Handler
                0x000000000800049c                EXTI15_10_IRQHandler
                0x000000000800049c                ADC_IRQHandler
                0x000000000800049c                DMA1_Stream7_IRQHandler
                0x000000000800049c                TIM7_IRQHandler
                0x000000000800049c                CAN2_TX_IRQHandler
                0x000000000800049c                TIM5_IRQHandler
                0x000000000800049c                DMA2_Stream7_IRQHandler
                0x000000000800049c                I2C3_EV_IRQHandler
                0x000000000800049c                EXTI9_5_IRQHandler
                0x000000000800049c                RTC_WKUP_IRQHandler
                0x000000000800049c                SPI2_IRQHandler
                0x000000000800049c                OTG_HS_EP1_IN_IRQHandler
                0x000000000800049c                DMA1_Stream0_IRQHandler
                0x000000000800049c                CAN1_TX_IRQHandler
                0x000000000800049c                EXTI4_IRQHandler
                0x000000000800049c                FSMC_IRQHandler
                0x000000000800049c                OTG_HS_EP1_OUT_IRQHandler
                0x000000000800049c                WWDG_IRQHandler
                0x000000000800049c                TIM2_IRQHandler
                0x000000000800049c                OTG_FS_WKUP_IRQHandler
                0x000000000800049c                TIM1_TRG_COM_TIM11_IRQHandler
                0x000000000800049c                OTG_HS_IRQHandler
                0x000000000800049c                EXTI1_IRQHandler
                0x000000000800049c                USART2_IRQHandler
                0x000000000800049c                I2C2_ER_IRQHandler
                0x000000000800049c                DMA2_Stream1_IRQHandler
                0x000000000800049c                CAN1_SCE_IRQHandler
                0x000000000800049c                FLASH_IRQHandler
                0x000000000800049c                DMA2_Stream4_IRQHandler
                0x000000000800049c                USART1_IRQHandler
                0x000000000800049c                OTG_FS_IRQHandler
                0x000000000800049c                SPI3_IRQHandler
                0x000000000800049c                DMA1_Stream4_IRQHandler
                0x000000000800049c                I2C1_ER_IRQHandler
                0x000000000800049c                DMA2_Stream6_IRQHandler
                0x000000000800049c                DMA1_Stream3_IRQHandler
 *fill*         0x000000000800049e        0x2 
 .text.__libc_init_array
                0x00000000080004a0       0x48 /home/way/Programs/gcc-arm-none-eabi/bin/../lib/gcc/arm-none-eabi/9.3.1/../../../../arm-none-eabi/lib/thumb/v7e-m+fp/hard/libc_nano.a(lib_a-init.o)
                0x00000000080004a0                __libc_init_array
 *(.glue_7)
 .glue_7        0x00000000080004e8        0x0 linker stubs
 *(.glue_7t)
 .glue_7t       0x00000000080004e8        0x0 linker stubs
 *(.eh_frame)
 .eh_frame      0x00000000080004e8        0x0 /home/way/Programs/gcc-arm-none-eabi/bin/../lib/gcc/arm-none-eabi/9.3.1/thumb/v7e-m+fp/hard/crtbegin.o
 *(.init)
 .init          0x00000000080004e8        0x4 /home/way/Programs/gcc-arm-none-eabi/bin/../lib/gcc/arm-none-eabi/9.3.1/thumb/v7e-m+fp/hard/crti.o
                0x00000000080004e8                _init
 .init          0x00000000080004ec        0x8 /home/way/Programs/gcc-arm-none-eabi/bin/../lib/gcc/arm-none-eabi/9.3.1/thumb/v7e-m+fp/hard/crtn.o
 *(.fini)
 .fini          0x00000000080004f4        0x4 /home/way/Programs/gcc-arm-none-eabi/bin/../lib/gcc/arm-none-eabi/9.3.1/thumb/v7e-m+fp/hard/crti.o
                0x00000000080004f4                _fini
 .fini          0x00000000080004f8        0x8 /home/way/Programs/gcc-arm-none-eabi/bin/../lib/gcc/arm-none-eabi/9.3.1/thumb/v7e-m+fp/hard/crtn.o
                0x0000000008000500                . = ALIGN (0x4)
                0x0000000008000500                _etext = .

.vfp11_veneer   0x0000000008000500        0x0
 .vfp11_veneer  0x0000000008000500        0x0 linker stubs

.v4_bx          0x0000000008000500        0x0
 .v4_bx         0x0000000008000500        0x0 linker stubs

.iplt           0x0000000008000500        0x0
 .iplt          0x0000000008000500        0x0 /home/way/Programs/gcc-arm-none-eabi/bin/../lib/gcc/arm-none-eabi/9.3.1/thumb/v7e-m+fp/hard/crtbegin.o

.rel.dyn        0x0000000008000500        0x0
 .rel.iplt      0x0000000008000500        0x0 /home/way/Programs/gcc-arm-none-eabi/bin/../lib/gcc/arm-none-eabi/9.3.1/thumb/v7e-m+fp/hard/crtbegin.o

.rodata         0x0000000008000500        0x0
                0x0000000008000500                . = ALIGN (0x4)
 *(.rodata)
 *(.rodata*)
                0x0000000008000500                . = ALIGN (0x4)

.ARM.extab
 *(.ARM.extab* .gnu.linkonce.armextab.*)

.ARM            0x0000000008000500        0x0
                0x0000000008000500                __exidx_start = .
 *(.ARM.exidx*)
                0x0000000008000500                __exidx_end = .

.preinit_array  0x0000000008000500        0x0
                0x0000000008000500                PROVIDE (__preinit_array_start = .)
 *(.preinit_array*)
                0x0000000008000500                PROVIDE (__preinit_array_end = .)

.init_array     0x0000000008000500        0x4
                0x0000000008000500                PROVIDE (__init_array_start = .)
 *(SORT_BY_NAME(.init_array.*))
 *(.init_array*)
 .init_array    0x0000000008000500        0x4 /home/way/Programs/gcc-arm-none-eabi/bin/../lib/gcc/arm-none-eabi/9.3.1/thumb/v7e-m+fp/hard/crtbegin.o
                0x0000000008000504                PROVIDE (__init_array_end = .)

.fini_array     0x0000000008000504        0x4
                [!provide]                        PROVIDE (__fini_array_start = .)
 *(SORT_BY_NAME(.fini_array.*))
 *(.fini_array*)
 .fini_array    0x0000000008000504        0x4 /home/way/Programs/gcc-arm-none-eabi/bin/../lib/gcc/arm-none-eabi/9.3.1/thumb/v7e-m+fp/hard/crtbegin.o
                [!provide]                        PROVIDE (__fini_array_end = .)
                0x0000000008000508                _sidata = LOADADDR (.data)

.data           0x0000000020000000        0x0 load address 0x0000000008000508
                0x0000000020000000                . = ALIGN (0x4)
                0x0000000020000000                _sdata = .
 *(.data)
 *(.data*)
                0x0000000020000000                . = ALIGN (0x4)
                0x0000000020000000                _edata = .
                0x0000000008000508                _siccmram = LOADADDR (.ccmram)

.igot.plt       0x0000000020000000        0x0 load address 0x0000000008000508
 .igot.plt      0x0000000020000000        0x0 /home/way/Programs/gcc-arm-none-eabi/bin/../lib/gcc/arm-none-eabi/9.3.1/thumb/v7e-m+fp/hard/crtbegin.o

.ccmram         0x0000000010000000        0x0 load address 0x0000000008000508
                0x0000000010000000                . = ALIGN (0x4)
                0x0000000010000000                _sccmram = .
 *(.ccmram)
 *(.ccmram*)
                0x0000000010000000                . = ALIGN (0x4)
                0x0000000010000000                _eccmram = .
                0x0000000010000000                . = ALIGN (0x4)

.bss            0x0000000020000000       0x1c
                0x0000000020000000                _sbss = .
                0x0000000020000000                __bss_start__ = _sbss
 *(.bss)
 .bss           0x0000000020000000       0x1c /home/way/Programs/gcc-arm-none-eabi/bin/../lib/gcc/arm-none-eabi/9.3.1/thumb/v7e-m+fp/hard/crtbegin.o
 *(.bss*)
 *(COMMON)
                0x000000002000001c                . = ALIGN (0x4)
                0x000000002000001c                _ebss = .
                0x000000002000001c                __bss_end__ = _ebss

._user_heap_stack
                0x000000002000001c      0x604
                0x0000000020000020                . = ALIGN (0x8)
 *fill*         0x000000002000001c        0x4 
                [!provide]                        PROVIDE (end = .)
                [!provide]                        PROVIDE (_end = .)
                0x0000000020000220                . = (. + _Min_Heap_Size)
 *fill*         0x0000000020000020      0x200 
                0x0000000020000620                . = (. + _Min_Stack_Size)
 *fill*         0x0000000020000220      0x400 
                0x0000000020000620                . = ALIGN (0x8)

/DISCARD/
 libc.a(*)
 libm.a(*)
 libgcc.a(*)

.ARM.attributes
                0x0000000000000000       0x30
 *(.ARM.attributes)
 .ARM.attributes
                0x0000000000000000       0x1e /home/way/Programs/gcc-arm-none-eabi/bin/../lib/gcc/arm-none-eabi/9.3.1/thumb/v7e-m+fp/hard/crti.o
 .ARM.attributes
                0x000000000000001e       0x34 /home/way/Programs/gcc-arm-none-eabi/bin/../lib/gcc/arm-none-eabi/9.3.1/thumb/v7e-m+fp/hard/crtbegin.o
 .ARM.attributes
                0x0000000000000052       0x34 build/main.o
 .ARM.attributes
                0x0000000000000086       0x34 build/stm32f4xx_it.o
 .ARM.attributes
                0x00000000000000ba       0x34 build/system_stm32f4xx.o
 .ARM.attributes
                0x00000000000000ee       0x34 build/stm32f4xx_gpio.o
 .ARM.attributes
                0x0000000000000122       0x34 build/stm32f4xx_rcc.o
 .ARM.attributes
                0x0000000000000156       0x21 build/startup_stm32f405xx.o
 .ARM.attributes
                0x0000000000000177       0x34 /home/way/Programs/gcc-arm-none-eabi/bin/../lib/gcc/arm-none-eabi/9.3.1/../../../../arm-none-eabi/lib/thumb/v7e-m+fp/hard/libc_nano.a(lib_a-init.o)
 .ARM.attributes
                0x00000000000001ab       0x1e /home/way/Programs/gcc-arm-none-eabi/bin/../lib/gcc/arm-none-eabi/9.3.1/thumb/v7e-m+fp/hard/crtn.o
OUTPUT(build/test.elf elf32-littlearm)
LOAD linker stubs
LOAD /home/way/Programs/gcc-arm-none-eabi/bin/../lib/gcc/arm-none-eabi/9.3.1/../../../../arm-none-eabi/lib/thumb/v7e-m+fp/hard/libc.a
LOAD /home/way/Programs/gcc-arm-none-eabi/bin/../lib/gcc/arm-none-eabi/9.3.1/../../../../arm-none-eabi/lib/thumb/v7e-m+fp/hard/libm.a
LOAD /home/way/Programs/gcc-arm-none-eabi/bin/../lib/gcc/arm-none-eabi/9.3.1/thumb/v7e-m+fp/hard/libgcc.a

.debug_info     0x0000000000000000     0x2440
 .debug_info    0x0000000000000000      0x4b1 build/main.o
 .debug_info    0x00000000000004b1       0xae build/stm32f4xx_it.o
 .debug_info    0x000000000000055f      0x6d1 build/system_stm32f4xx.o
 .debug_info    0x0000000000000c30      0x8e3 build/stm32f4xx_gpio.o
 .debug_info    0x0000000000001513      0xf0b build/stm32f4xx_rcc.o
 .debug_info    0x000000000000241e       0x22 build/startup_stm32f405xx.o

.debug_abbrev   0x0000000000000000      0x8a9
 .debug_abbrev  0x0000000000000000      0x1c9 build/main.o
 .debug_abbrev  0x00000000000001c9       0x30 build/stm32f4xx_it.o
 .debug_abbrev  0x00000000000001f9      0x19c build/system_stm32f4xx.o
 .debug_abbrev  0x0000000000000395      0x26f build/stm32f4xx_gpio.o
 .debug_abbrev  0x0000000000000604      0x293 build/stm32f4xx_rcc.o
 .debug_abbrev  0x0000000000000897       0x12 build/startup_stm32f405xx.o

.debug_loc      0x0000000000000000     0x1259
 .debug_loc     0x0000000000000000       0xf3 build/main.o
 .debug_loc     0x00000000000000f3      0x1c4 build/system_stm32f4xx.o
 .debug_loc     0x00000000000002b7      0x4b1 build/stm32f4xx_gpio.o
 .debug_loc     0x0000000000000768      0xaf1 build/stm32f4xx_rcc.o

.debug_aranges  0x0000000000000000      0x2d0
 .debug_aranges
                0x0000000000000000       0x30 build/main.o
 .debug_aranges
                0x0000000000000030       0x48 build/stm32f4xx_it.o
 .debug_aranges
                0x0000000000000078       0x30 build/system_stm32f4xx.o
 .debug_aranges
                0x00000000000000a8       0x88 build/stm32f4xx_gpio.o
 .debug_aranges
                0x0000000000000130      0x178 build/stm32f4xx_rcc.o
 .debug_aranges
                0x00000000000002a8       0x28 build/startup_stm32f405xx.o

.debug_ranges   0x0000000000000000      0x278
 .debug_ranges  0x0000000000000000       0x20 build/main.o
 .debug_ranges  0x0000000000000020       0x38 build/stm32f4xx_it.o
 .debug_ranges  0x0000000000000058       0x20 build/system_stm32f4xx.o
 .debug_ranges  0x0000000000000078       0x78 build/stm32f4xx_gpio.o
 .debug_ranges  0x00000000000000f0      0x168 build/stm32f4xx_rcc.o
 .debug_ranges  0x0000000000000258       0x20 build/startup_stm32f405xx.o

.debug_line     0x0000000000000000     0x1757
 .debug_line    0x0000000000000000      0x26b build/main.o
 .debug_line    0x000000000000026b       0xd7 build/stm32f4xx_it.o
 .debug_line    0x0000000000000342      0x387 build/system_stm32f4xx.o
 .debug_line    0x00000000000006c9      0x552 build/stm32f4xx_gpio.o
 .debug_line    0x0000000000000c1b      0xac8 build/stm32f4xx_rcc.o
 .debug_line    0x00000000000016e3       0x74 build/startup_stm32f405xx.o

.debug_str      0x0000000000000000      0xcd6
 .debug_str     0x0000000000000000      0x376 build/main.o
                                        0x3c4 (size before relaxing)
 .debug_str     0x0000000000000376       0x72 build/stm32f4xx_it.o
                                        0x156 (size before relaxing)
 .debug_str     0x00000000000003e8      0x1f5 build/system_stm32f4xx.o
                                        0x3da (size before relaxing)
 .debug_str     0x00000000000005dd      0x18c build/stm32f4xx_gpio.o
                                        0x517 (size before relaxing)
 .debug_str     0x0000000000000769      0x549 build/stm32f4xx_rcc.o
                                        0x8ad (size before relaxing)
 .debug_str     0x0000000000000cb2       0x24 build/startup_stm32f405xx.o
                                         0x64 (size before relaxing)

.comment        0x0000000000000000       0x4c
 .comment       0x0000000000000000       0x4c build/main.o
                                         0x4d (size before relaxing)
 .comment       0x000000000000004c       0x4d build/stm32f4xx_it.o
 .comment       0x000000000000004c       0x4d build/system_stm32f4xx.o
 .comment       0x000000000000004c       0x4d build/stm32f4xx_gpio.o
 .comment       0x000000000000004c       0x4d build/stm32f4xx_rcc.o

.debug_frame    0x0000000000000000      0x558
 .debug_frame   0x0000000000000000       0x60 build/main.o
 .debug_frame   0x0000000000000060       0x70 build/stm32f4xx_it.o
 .debug_frame   0x00000000000000d0       0x54 build/system_stm32f4xx.o
 .debug_frame   0x0000000000000124      0x120 build/stm32f4xx_gpio.o
 .debug_frame   0x0000000000000244      0x2e8 build/stm32f4xx_rcc.o
 .debug_frame   0x000000000000052c       0x2c /home/way/Programs/gcc-arm-none-eabi/bin/../lib/gcc/arm-none-eabi/9.3.1/../../../../arm-none-eabi/lib/thumb/v7e-m+fp/hard/libc_nano.a(lib_a-init.o)

Cross Reference Table

Symbol                                            File
ADC_AnalogWatchdogCmd                             build/stm32f4xx_adc.o
ADC_AnalogWatchdogSingleChannelConfig             build/stm32f4xx_adc.o
ADC_AnalogWatchdogThresholdsConfig                build/stm32f4xx_adc.o
ADC_AutoInjectedConvCmd                           build/stm32f4xx_adc.o
ADC_ClearFlag                                     build/stm32f4xx_adc.o
ADC_ClearITPendingBit                             build/stm32f4xx_adc.o
ADC_Cmd                                           build/stm32f4xx_adc.o
ADC_CommonInit                                    build/stm32f4xx_adc.o
ADC_CommonStructInit                              build/stm32f4xx_adc.o
ADC_ContinuousModeCmd                             build/stm32f4xx_adc.o
ADC_DMACmd                                        build/stm32f4xx_adc.o
ADC_DMARequestAfterLastTransferCmd                build/stm32f4xx_adc.o
ADC_DeInit                                        build/stm32f4xx_adc.o
ADC_DiscModeChannelCountConfig                    build/stm32f4xx_adc.o
ADC_DiscModeCmd                                   build/stm32f4xx_adc.o
ADC_EOCOnEachRegularChannelCmd                    build/stm32f4xx_adc.o
ADC_ExternalTrigInjectedConvConfig                build/stm32f4xx_adc.o
ADC_ExternalTrigInjectedConvEdgeConfig            build/stm32f4xx_adc.o
ADC_GetConversionValue                            build/stm32f4xx_adc.o
ADC_GetFlagStatus                                 build/stm32f4xx_adc.o
ADC_GetITStatus                                   build/stm32f4xx_adc.o
ADC_GetInjectedConversionValue                    build/stm32f4xx_adc.o
ADC_GetMultiModeConversionValue                   build/stm32f4xx_adc.o
ADC_GetSoftwareStartConvStatus                    build/stm32f4xx_adc.o
ADC_GetSoftwareStartInjectedConvCmdStatus         build/stm32f4xx_adc.o
ADC_IRQHandler                                    build/startup_stm32f405xx.o
ADC_ITConfig                                      build/stm32f4xx_adc.o
ADC_Init                                          build/stm32f4xx_adc.o
ADC_InjectedChannelConfig                         build/stm32f4xx_adc.o
ADC_InjectedDiscModeCmd                           build/stm32f4xx_adc.o
ADC_InjectedSequencerLengthConfig                 build/stm32f4xx_adc.o
ADC_MultiModeDMARequestAfterLastTransferCmd       build/stm32f4xx_adc.o
ADC_RegularChannelConfig                          build/stm32f4xx_adc.o
ADC_SetInjectedOffset                             build/stm32f4xx_adc.o
ADC_SoftwareStartConv                             build/stm32f4xx_adc.o
ADC_SoftwareStartInjectedConv                     build/stm32f4xx_adc.o
ADC_StructInit                                    build/stm32f4xx_adc.o
ADC_TempSensorVrefintCmd                          build/stm32f4xx_adc.o
ADC_VBATCmd                                       build/stm32f4xx_adc.o
AHBPrescTable                                     build/system_stm32f4xx.o
App_TCBInitHook                                   build/os_cpu_c.o
App_TaskCreateHook                                build/os_cpu_c.o
App_TaskDelHook                                   build/os_cpu_c.o
App_TaskIdleHook                                  build/os_cpu_c.o
App_TaskReturnHook                                build/os_cpu_c.o
App_TaskStatHook                                  build/os_cpu_c.o
App_TaskSwHook                                    build/os_cpu_c.o
App_TimeTickHook                                  build/os_cpu_c.o
BusFault_Handler                                  build/stm32f4xx_it.o
CAN1_RX0_IRQHandler                               build/startup_stm32f405xx.o
CAN1_RX1_IRQHandler                               build/startup_stm32f405xx.o
CAN1_SCE_IRQHandler                               build/startup_stm32f405xx.o
CAN1_TX_IRQHandler                                build/startup_stm32f405xx.o
CAN2_RX0_IRQHandler                               build/startup_stm32f405xx.o
CAN2_RX1_IRQHandler                               build/startup_stm32f405xx.o
CAN2_SCE_IRQHandler                               build/startup_stm32f405xx.o
CAN2_TX_IRQHandler                                build/startup_stm32f405xx.o
CAN_CancelTransmit                                build/stm32f4xx_can.o
CAN_ClearFlag                                     build/stm32f4xx_can.o
CAN_ClearITPendingBit                             build/stm32f4xx_can.o
CAN_DBGFreeze                                     build/stm32f4xx_can.o
CAN_DeInit                                        build/stm32f4xx_can.o
CAN_FIFORelease                                   build/stm32f4xx_can.o
CAN_FilterInit                                    build/stm32f4xx_can.o
CAN_GetFlagStatus                                 build/stm32f4xx_can.o
CAN_GetITStatus                                   build/stm32f4xx_can.o
CAN_GetLSBTransmitErrorCounter                    build/stm32f4xx_can.o
CAN_GetLastErrorCode                              build/stm32f4xx_can.o
CAN_GetReceiveErrorCounter                        build/stm32f4xx_can.o
CAN_ITConfig                                      build/stm32f4xx_can.o
CAN_Init                                          build/stm32f4xx_can.o
CAN_MessagePending                                build/stm32f4xx_can.o
CAN_OperatingModeRequest                          build/stm32f4xx_can.o
CAN_Receive                                       build/stm32f4xx_can.o
CAN_SlaveStartBank                                build/stm32f4xx_can.o
CAN_Sleep                                         build/stm32f4xx_can.o
CAN_StructInit                                    build/stm32f4xx_can.o
CAN_TTComModeCmd                                  build/stm32f4xx_can.o
CAN_Transmit                                      build/stm32f4xx_can.o
CAN_TransmitStatus                                build/stm32f4xx_can.o
CAN_WakeUp                                        build/stm32f4xx_can.o
CRC_CalcBlockCRC                                  build/stm32f4xx_crc.o
CRC_CalcCRC                                       build/stm32f4xx_crc.o
CRC_GetCRC                                        build/stm32f4xx_crc.o
CRC_GetIDRegister                                 build/stm32f4xx_crc.o
CRC_ResetDR                                       build/stm32f4xx_crc.o
CRC_SetIDRegister                                 build/stm32f4xx_crc.o
CRYP_AES_CBC                                      build/stm32f4xx_cryp_aes.o
CRYP_AES_CTR                                      build/stm32f4xx_cryp_aes.o
CRYP_AES_ECB                                      build/stm32f4xx_cryp_aes.o
CRYP_Cmd                                          build/stm32f4xx_cryp.o
                                                  build/stm32f4xx_cryp_tdes.o
                                                  build/stm32f4xx_cryp_des.o
                                                  build/stm32f4xx_cryp_aes.o
CRYP_DES_CBC                                      build/stm32f4xx_cryp_des.o
CRYP_DES_ECB                                      build/stm32f4xx_cryp_des.o
CRYP_DMACmd                                       build/stm32f4xx_cryp.o
CRYP_DataIn                                       build/stm32f4xx_cryp.o
                                                  build/stm32f4xx_cryp_tdes.o
                                                  build/stm32f4xx_cryp_des.o
                                                  build/stm32f4xx_cryp_aes.o
CRYP_DataOut                                      build/stm32f4xx_cryp.o
                                                  build/stm32f4xx_cryp_tdes.o
                                                  build/stm32f4xx_cryp_des.o
                                                  build/stm32f4xx_cryp_aes.o
CRYP_DeInit                                       build/stm32f4xx_cryp.o
CRYP_FIFOFlush                                    build/stm32f4xx_cryp.o
                                                  build/stm32f4xx_cryp_tdes.o
                                                  build/stm32f4xx_cryp_des.o
                                                  build/stm32f4xx_cryp_aes.o
CRYP_GetFlagStatus                                build/stm32f4xx_cryp.o
                                                  build/stm32f4xx_cryp_tdes.o
                                                  build/stm32f4xx_cryp_des.o
                                                  build/stm32f4xx_cryp_aes.o
CRYP_GetITStatus                                  build/stm32f4xx_cryp.o
CRYP_ITConfig                                     build/stm32f4xx_cryp.o
CRYP_IVInit                                       build/stm32f4xx_cryp.o
                                                  build/stm32f4xx_cryp_tdes.o
                                                  build/stm32f4xx_cryp_des.o
                                                  build/stm32f4xx_cryp_aes.o
CRYP_IVStructInit                                 build/stm32f4xx_cryp.o
CRYP_Init                                         build/stm32f4xx_cryp.o
                                                  build/stm32f4xx_cryp_tdes.o
                                                  build/stm32f4xx_cryp_des.o
                                                  build/stm32f4xx_cryp_aes.o
CRYP_KeyInit                                      build/stm32f4xx_cryp.o
                                                  build/stm32f4xx_cryp_tdes.o
                                                  build/stm32f4xx_cryp_des.o
                                                  build/stm32f4xx_cryp_aes.o
CRYP_KeyStructInit                                build/stm32f4xx_cryp.o
                                                  build/stm32f4xx_cryp_tdes.o
                                                  build/stm32f4xx_cryp_des.o
                                                  build/stm32f4xx_cryp_aes.o
CRYP_RestoreContext                               build/stm32f4xx_cryp.o
CRYP_SaveContext                                  build/stm32f4xx_cryp.o
CRYP_StructInit                                   build/stm32f4xx_cryp.o
CRYP_TDES_CBC                                     build/stm32f4xx_cryp_tdes.o
CRYP_TDES_ECB                                     build/stm32f4xx_cryp_tdes.o
DAC_ClearFlag                                     build/stm32f4xx_dac.o
DAC_ClearITPendingBit                             build/stm32f4xx_dac.o
DAC_Cmd                                           build/stm32f4xx_dac.o
DAC_DMACmd                                        build/stm32f4xx_dac.o
DAC_DeInit                                        build/stm32f4xx_dac.o
DAC_DualSoftwareTriggerCmd                        build/stm32f4xx_dac.o
DAC_GetDataOutputValue                            build/stm32f4xx_dac.o
DAC_GetFlagStatus                                 build/stm32f4xx_dac.o
DAC_GetITStatus                                   build/stm32f4xx_dac.o
DAC_ITConfig                                      build/stm32f4xx_dac.o
DAC_Init                                          build/stm32f4xx_dac.o
DAC_SetChannel1Data                               build/stm32f4xx_dac.o
DAC_SetChannel2Data                               build/stm32f4xx_dac.o
DAC_SetDualChannelData                            build/stm32f4xx_dac.o
DAC_SoftwareTriggerCmd                            build/stm32f4xx_dac.o
DAC_StructInit                                    build/stm32f4xx_dac.o
DAC_WaveGenerationCmd                             build/stm32f4xx_dac.o
DBGMCU_APB1PeriphConfig                           build/stm32f4xx_dbgmcu.o
DBGMCU_APB2PeriphConfig                           build/stm32f4xx_dbgmcu.o
DBGMCU_Config                                     build/stm32f4xx_dbgmcu.o
DBGMCU_GetDEVID                                   build/stm32f4xx_dbgmcu.o
DBGMCU_GetREVID                                   build/stm32f4xx_dbgmcu.o
DCMI_CROPCmd                                      build/stm32f4xx_dcmi.o
DCMI_CROPConfig                                   build/stm32f4xx_dcmi.o
DCMI_CaptureCmd                                   build/stm32f4xx_dcmi.o
DCMI_ClearFlag                                    build/stm32f4xx_dcmi.o
DCMI_ClearITPendingBit                            build/stm32f4xx_dcmi.o
DCMI_Cmd                                          build/stm32f4xx_dcmi.o
DCMI_DeInit                                       build/stm32f4xx_dcmi.o
DCMI_GetFlagStatus                                build/stm32f4xx_dcmi.o
DCMI_GetITStatus                                  build/stm32f4xx_dcmi.o
DCMI_ITConfig                                     build/stm32f4xx_dcmi.o
DCMI_Init                                         build/stm32f4xx_dcmi.o
DCMI_JPEGCmd                                      build/stm32f4xx_dcmi.o
DCMI_ReadData                                     build/stm32f4xx_dcmi.o
DCMI_SetEmbeddedSynchroCodes                      build/stm32f4xx_dcmi.o
DCMI_StructInit                                   build/stm32f4xx_dcmi.o
DMA1_Stream0_IRQHandler                           build/startup_stm32f405xx.o
DMA1_Stream1_IRQHandler                           build/startup_stm32f405xx.o
DMA1_Stream2_IRQHandler                           build/startup_stm32f405xx.o
DMA1_Stream3_IRQHandler                           build/startup_stm32f405xx.o
DMA1_Stream4_IRQHandler                           build/startup_stm32f405xx.o
DMA1_Stream5_IRQHandler                           build/startup_stm32f405xx.o
DMA1_Stream6_IRQHandler                           build/startup_stm32f405xx.o
DMA1_Stream7_IRQHandler                           build/startup_stm32f405xx.o
DMA2_Stream0_IRQHandler                           build/startup_stm32f405xx.o
DMA2_Stream1_IRQHandler                           build/startup_stm32f405xx.o
DMA2_Stream2_IRQHandler                           build/startup_stm32f405xx.o
DMA2_Stream3_IRQHandler                           build/startup_stm32f405xx.o
DMA2_Stream4_IRQHandler                           build/startup_stm32f405xx.o
DMA2_Stream5_IRQHandler                           build/startup_stm32f405xx.o
DMA2_Stream6_IRQHandler                           build/startup_stm32f405xx.o
DMA2_Stream7_IRQHandler                           build/startup_stm32f405xx.o
DMA_ClearFlag                                     build/stm32f4xx_dma.o
DMA_ClearITPendingBit                             build/stm32f4xx_dma.o
DMA_Cmd                                           build/stm32f4xx_dma.o
DMA_DeInit                                        build/stm32f4xx_dma.o
DMA_DoubleBufferModeCmd                           build/stm32f4xx_dma.o
DMA_DoubleBufferModeConfig                        build/stm32f4xx_dma.o
DMA_FlowControllerConfig                          build/stm32f4xx_dma.o
DMA_GetCmdStatus                                  build/stm32f4xx_dma.o
DMA_GetCurrDataCounter                            build/stm32f4xx_dma.o
DMA_GetCurrentMemoryTarget                        build/stm32f4xx_dma.o
DMA_GetFIFOStatus                                 build/stm32f4xx_dma.o
DMA_GetFlagStatus                                 build/stm32f4xx_dma.o
DMA_GetITStatus                                   build/stm32f4xx_dma.o
DMA_ITConfig                                      build/stm32f4xx_dma.o
DMA_Init                                          build/stm32f4xx_dma.o
DMA_MemoryTargetConfig                            build/stm32f4xx_dma.o
DMA_PeriphIncOffsetSizeConfig                     build/stm32f4xx_dma.o
DMA_SetCurrDataCounter                            build/stm32f4xx_dma.o
DMA_StructInit                                    build/stm32f4xx_dma.o
DebugMon_Handler                                  build/stm32f4xx_it.o
Default_Handler                                   build/startup_stm32f405xx.o
EXTI0_IRQHandler                                  build/startup_stm32f405xx.o
EXTI15_10_IRQHandler                              build/startup_stm32f405xx.o
EXTI1_IRQHandler                                  build/startup_stm32f405xx.o
EXTI2_IRQHandler                                  build/startup_stm32f405xx.o
EXTI3_IRQHandler                                  build/startup_stm32f405xx.o
EXTI4_IRQHandler                                  build/startup_stm32f405xx.o
EXTI9_5_IRQHandler                                build/startup_stm32f405xx.o
EXTI_ClearFlag                                    build/stm32f4xx_exti.o
EXTI_ClearITPendingBit                            build/stm32f4xx_exti.o
EXTI_DeInit                                       build/stm32f4xx_exti.o
EXTI_GenerateSWInterrupt                          build/stm32f4xx_exti.o
EXTI_GetFlagStatus                                build/stm32f4xx_exti.o
EXTI_GetITStatus                                  build/stm32f4xx_exti.o
EXTI_Init                                         build/stm32f4xx_exti.o
EXTI_StructInit                                   build/stm32f4xx_exti.o
FLASH_ClearFlag                                   build/stm32f4xx_flash.o
FLASH_DataCacheCmd                                build/stm32f4xx_flash.o
FLASH_DataCacheReset                              build/stm32f4xx_flash.o
FLASH_EraseAllSectors                             build/stm32f4xx_flash.o
FLASH_EraseSector                                 build/stm32f4xx_flash.o
FLASH_GetFlagStatus                               build/stm32f4xx_flash.o
FLASH_GetStatus                                   build/stm32f4xx_flash.o
FLASH_IRQHandler                                  build/startup_stm32f405xx.o
FLASH_ITConfig                                    build/stm32f4xx_flash.o
FLASH_InstructionCacheCmd                         build/stm32f4xx_flash.o
FLASH_InstructionCacheReset                       build/stm32f4xx_flash.o
FLASH_Lock                                        build/stm32f4xx_flash.o
FLASH_OB_BORConfig                                build/stm32f4xx_flash.o
FLASH_OB_GetBOR                                   build/stm32f4xx_flash.o
FLASH_OB_GetRDP                                   build/stm32f4xx_flash.o
FLASH_OB_GetUser                                  build/stm32f4xx_flash.o
FLASH_OB_GetWRP                                   build/stm32f4xx_flash.o
FLASH_OB_Launch                                   build/stm32f4xx_flash.o
FLASH_OB_Lock                                     build/stm32f4xx_flash.o
FLASH_OB_RDPConfig                                build/stm32f4xx_flash.o
FLASH_OB_Unlock                                   build/stm32f4xx_flash.o
FLASH_OB_UserConfig                               build/stm32f4xx_flash.o
FLASH_OB_WRPConfig                                build/stm32f4xx_flash.o
FLASH_PrefetchBufferCmd                           build/stm32f4xx_flash.o
FLASH_ProgramByte                                 build/stm32f4xx_flash.o
FLASH_ProgramDoubleWord                           build/stm32f4xx_flash.o
FLASH_ProgramHalfWord                             build/stm32f4xx_flash.o
FLASH_ProgramWord                                 build/stm32f4xx_flash.o
FLASH_SetLatency                                  build/stm32f4xx_flash.o
FLASH_Unlock                                      build/stm32f4xx_flash.o
FLASH_WaitForLastOperation                        build/stm32f4xx_flash.o
FPU_IRQHandler                                    build/startup_stm32f405xx.o
FSMC_ClearFlag                                    build/stm32f4xx_fsmc.o
FSMC_ClearITPendingBit                            build/stm32f4xx_fsmc.o
FSMC_GetECC                                       build/stm32f4xx_fsmc.o
FSMC_GetFlagStatus                                build/stm32f4xx_fsmc.o
FSMC_GetITStatus                                  build/stm32f4xx_fsmc.o
FSMC_IRQHandler                                   build/startup_stm32f405xx.o
FSMC_ITConfig                                     build/stm32f4xx_fsmc.o
FSMC_NANDCmd                                      build/stm32f4xx_fsmc.o
FSMC_NANDDeInit                                   build/stm32f4xx_fsmc.o
FSMC_NANDECCCmd                                   build/stm32f4xx_fsmc.o
FSMC_NANDInit                                     build/stm32f4xx_fsmc.o
FSMC_NANDStructInit                               build/stm32f4xx_fsmc.o
FSMC_NORSRAMCmd                                   build/stm32f4xx_fsmc.o
FSMC_NORSRAMDeInit                                build/stm32f4xx_fsmc.o
FSMC_NORSRAMInit                                  build/stm32f4xx_fsmc.o
FSMC_NORSRAMStructInit                            build/stm32f4xx_fsmc.o
FSMC_PCCARDCmd                                    build/stm32f4xx_fsmc.o
FSMC_PCCARDDeInit                                 build/stm32f4xx_fsmc.o
FSMC_PCCARDInit                                   build/stm32f4xx_fsmc.o
FSMC_PCCARDStructInit                             build/stm32f4xx_fsmc.o
GPIO_DeInit                                       build/stm32f4xx_gpio.o
GPIO_Init                                         build/stm32f4xx_gpio.o
                                                  build/main.o
GPIO_PinAFConfig                                  build/stm32f4xx_gpio.o
GPIO_PinLockConfig                                build/stm32f4xx_gpio.o
GPIO_ReadInputData                                build/stm32f4xx_gpio.o
GPIO_ReadInputDataBit                             build/stm32f4xx_gpio.o
GPIO_ReadOutputData                               build/stm32f4xx_gpio.o
GPIO_ReadOutputDataBit                            build/stm32f4xx_gpio.o
GPIO_ResetBits                                    build/stm32f4xx_gpio.o
                                                  build/main.o
GPIO_SetBits                                      build/stm32f4xx_gpio.o
                                                  build/main.o
GPIO_StructInit                                   build/stm32f4xx_gpio.o
GPIO_ToggleBits                                   build/stm32f4xx_gpio.o
GPIO_Write                                        build/stm32f4xx_gpio.o
GPIO_WriteBit                                     build/stm32f4xx_gpio.o
HASH_ClearFlag                                    build/stm32f4xx_hash.o
HASH_ClearITPendingBit                            build/stm32f4xx_hash.o
HASH_DMACmd                                       build/stm32f4xx_hash.o
HASH_DataIn                                       build/stm32f4xx_hash.o
                                                  build/stm32f4xx_hash_sha1.o
                                                  build/stm32f4xx_hash_md5.o
HASH_DeInit                                       build/stm32f4xx_hash.o
                                                  build/stm32f4xx_hash_sha1.o
                                                  build/stm32f4xx_hash_md5.o
HASH_GetDigest                                    build/stm32f4xx_hash.o
                                                  build/stm32f4xx_hash_sha1.o
                                                  build/stm32f4xx_hash_md5.o
HASH_GetFlagStatus                                build/stm32f4xx_hash.o
                                                  build/stm32f4xx_hash_sha1.o
                                                  build/stm32f4xx_hash_md5.o
HASH_GetITStatus                                  build/stm32f4xx_hash.o
HASH_GetInFIFOWordsNbr                            build/stm32f4xx_hash.o
HASH_ITConfig                                     build/stm32f4xx_hash.o
HASH_Init                                         build/stm32f4xx_hash.o
                                                  build/stm32f4xx_hash_sha1.o
                                                  build/stm32f4xx_hash_md5.o
HASH_MD5                                          build/stm32f4xx_hash_md5.o
HASH_RNG_IRQHandler                               build/startup_stm32f405xx.o
HASH_Reset                                        build/stm32f4xx_hash.o
HASH_RestoreContext                               build/stm32f4xx_hash.o
HASH_SHA1                                         build/stm32f4xx_hash_sha1.o
HASH_SaveContext                                  build/stm32f4xx_hash.o
HASH_SetLastWordValidBitsNbr                      build/stm32f4xx_hash.o
                                                  build/stm32f4xx_hash_sha1.o
                                                  build/stm32f4xx_hash_md5.o
HASH_StartDigest                                  build/stm32f4xx_hash.o
                                                  build/stm32f4xx_hash_sha1.o
                                                  build/stm32f4xx_hash_md5.o
HASH_StructInit                                   build/stm32f4xx_hash.o
HMAC_MD5                                          build/stm32f4xx_hash_md5.o
HMAC_SHA1                                         build/stm32f4xx_hash_sha1.o
HardFault_Handler                                 build/startup_stm32f405xx.o
I2C1_ER_IRQHandler                                build/startup_stm32f405xx.o
I2C1_EV_IRQHandler                                build/startup_stm32f405xx.o
I2C2_ER_IRQHandler                                build/startup_stm32f405xx.o
I2C2_EV_IRQHandler                                build/startup_stm32f405xx.o
I2C3_ER_IRQHandler                                build/startup_stm32f405xx.o
I2C3_EV_IRQHandler                                build/startup_stm32f405xx.o
I2C_ARPCmd                                        build/stm32f4xx_i2c.o
I2C_AcknowledgeConfig                             build/stm32f4xx_i2c.o
I2C_CalculatePEC                                  build/stm32f4xx_i2c.o
I2C_CheckEvent                                    build/stm32f4xx_i2c.o
I2C_ClearFlag                                     build/stm32f4xx_i2c.o
I2C_ClearITPendingBit                             build/stm32f4xx_i2c.o
I2C_Cmd                                           build/stm32f4xx_i2c.o
I2C_DMACmd                                        build/stm32f4xx_i2c.o
I2C_DMALastTransferCmd                            build/stm32f4xx_i2c.o
I2C_DeInit                                        build/stm32f4xx_i2c.o
I2C_DualAddressCmd                                build/stm32f4xx_i2c.o
I2C_FastModeDutyCycleConfig                       build/stm32f4xx_i2c.o
I2C_GeneralCallCmd                                build/stm32f4xx_i2c.o
I2C_GenerateSTART                                 build/stm32f4xx_i2c.o
I2C_GenerateSTOP                                  build/stm32f4xx_i2c.o
I2C_GetFlagStatus                                 build/stm32f4xx_i2c.o
I2C_GetITStatus                                   build/stm32f4xx_i2c.o
I2C_GetLastEvent                                  build/stm32f4xx_i2c.o
I2C_GetPEC                                        build/stm32f4xx_i2c.o
I2C_ITConfig                                      build/stm32f4xx_i2c.o
I2C_Init                                          build/stm32f4xx_i2c.o
I2C_NACKPositionConfig                            build/stm32f4xx_i2c.o
I2C_OwnAddress2Config                             build/stm32f4xx_i2c.o
I2C_PECPositionConfig                             build/stm32f4xx_i2c.o
I2C_ReadRegister                                  build/stm32f4xx_i2c.o
I2C_ReceiveData                                   build/stm32f4xx_i2c.o
I2C_SMBusAlertConfig                              build/stm32f4xx_i2c.o
I2C_Send7bitAddress                               build/stm32f4xx_i2c.o
I2C_SendData                                      build/stm32f4xx_i2c.o
I2C_SoftwareResetCmd                              build/stm32f4xx_i2c.o
I2C_StretchClockCmd                               build/stm32f4xx_i2c.o
I2C_StructInit                                    build/stm32f4xx_i2c.o
I2C_TransmitPEC                                   build/stm32f4xx_i2c.o
I2S_Cmd                                           build/stm32f4xx_spi.o
I2S_FullDuplexConfig                              build/stm32f4xx_spi.o
I2S_Init                                          build/stm32f4xx_spi.o
I2S_StructInit                                    build/stm32f4xx_spi.o
IWDG_Enable                                       build/stm32f4xx_iwdg.o
IWDG_GetFlagStatus                                build/stm32f4xx_iwdg.o
IWDG_ReloadCounter                                build/stm32f4xx_iwdg.o
IWDG_SetPrescaler                                 build/stm32f4xx_iwdg.o
IWDG_SetReload                                    build/stm32f4xx_iwdg.o
IWDG_WriteAccessCmd                               build/stm32f4xx_iwdg.o
LedInit                                           build/main.o
MemManage_Handler                                 build/stm32f4xx_it.o
NMI_Handler                                       build/stm32f4xx_it.o
NVIC_Init                                         build/misc.o
NVIC_PriorityGroupConfig                          build/misc.o
NVIC_SetVectorTable                               build/misc.o
NVIC_SystemLPConfig                               build/misc.o
OSCPUUsage                                        build/os_core.o
OSCtxSw                                           build/os_cpu_a.o
                                                  build/os_core.o
OSCtxSwCtr                                        build/os_core.o
OSDataSize                                        build/os_dbg.o
OSDebugEn                                         build/os_dbg.o
OSDebugInit                                       build/os_dbg.o
                                                  build/os_core.o
OSEndiannessTest                                  build/os_dbg.o
OSEventEn                                         build/os_dbg.o
OSEventFreeList                                   build/os_core.o
                                                  build/os_sem.o
                                                  build/os_q.o
                                                  build/os_mutex.o
                                                  build/os_mbox.o
OSEventMax                                        build/os_dbg.o
OSEventMultiEn                                    build/os_dbg.o
OSEventNameEn                                     build/os_dbg.o
OSEventNameGet                                    build/os_core.o
OSEventNameSet                                    build/os_core.o
OSEventPendMulti                                  build/os_core.o
OSEventSize                                       build/os_dbg.o
OSEventTbl                                        build/os_core.o
OSEventTblSize                                    build/os_dbg.o
OSFlagAccept                                      build/os_flag.o
OSFlagCreate                                      build/os_flag.o
OSFlagDel                                         build/os_flag.o
OSFlagEn                                          build/os_dbg.o
OSFlagFreeList                                    build/os_core.o
                                                  build/os_flag.o
OSFlagGrpSize                                     build/os_dbg.o
OSFlagMax                                         build/os_dbg.o
OSFlagNameEn                                      build/os_dbg.o
OSFlagNameGet                                     build/os_flag.o
OSFlagNameSet                                     build/os_flag.o
OSFlagNodeSize                                    build/os_dbg.o
OSFlagPend                                        build/os_flag.o
OSFlagPendGetFlagsRdy                             build/os_flag.o
OSFlagPost                                        build/os_flag.o
OSFlagQuery                                       build/os_flag.o
OSFlagTbl                                         build/os_core.o
                                                  build/os_flag.o
OSFlagWidth                                       build/os_dbg.o
OSIdleCtr                                         build/os_core.o
OSIdleCtrMax                                      build/os_core.o
OSIdleCtrRun                                      build/os_core.o
OSInit                                            build/os_core.o
OSInitHookBegin                                   build/os_cpu_c.o
                                                  build/os_core.o
OSInitHookEnd                                     build/os_cpu_c.o
                                                  build/os_core.o
OSIntCtxSw                                        build/os_cpu_a.o
                                                  build/os_core.o
OSIntEnter                                        build/os_core.o
OSIntExit                                         build/os_core.o
                                                  build/os_cpu_c.o
OSIntNesting                                      build/os_core.o
                                                  build/os_cpu_c.o
                                                  build/os_time.o
                                                  build/os_task.o
                                                  build/os_sem.o
                                                  build/os_q.o
                                                  build/os_mutex.o
                                                  build/os_mbox.o
                                                  build/os_flag.o
OSLockNesting                                     build/os_core.o
                                                  build/os_time.o
                                                  build/os_task.o
                                                  build/os_sem.o
                                                  build/os_q.o
                                                  build/os_mutex.o
                                                  build/os_mbox.o
                                                  build/os_flag.o
OSLowestPrio                                      build/os_dbg.o
OSMboxAccept                                      build/os_mbox.o
OSMboxCreate                                      build/os_mbox.o
OSMboxDel                                         build/os_mbox.o
OSMboxEn                                          build/os_dbg.o
OSMboxPend                                        build/os_mbox.o
OSMboxPendAbort                                   build/os_mbox.o
OSMboxPost                                        build/os_mbox.o
OSMboxPostOpt                                     build/os_mbox.o
OSMboxQuery                                       build/os_mbox.o
OSMemEn                                           build/os_dbg.o
OSMemMax                                          build/os_dbg.o
OSMemNameEn                                       build/os_dbg.o
OSMemSize                                         build/os_dbg.o
OSMemTblSize                                      build/os_dbg.o
OSMutexAccept                                     build/os_mutex.o
OSMutexCreate                                     build/os_mutex.o
OSMutexDel                                        build/os_mutex.o
OSMutexEn                                         build/os_dbg.o
OSMutexPend                                       build/os_mutex.o
OSMutexPost                                       build/os_mutex.o
OSMutexQuery                                      build/os_mutex.o
OSPrioCur                                         build/os_core.o
                                                  build/os_cpu_a.o
                                                  build/os_mutex.o
OSPrioHighRdy                                     build/os_core.o
                                                  build/os_cpu_a.o
OSPtrSize                                         build/os_dbg.o
OSQAccept                                         build/os_q.o
OSQCreate                                         build/os_q.o
OSQDel                                            build/os_q.o
OSQEn                                             build/os_dbg.o
OSQFlush                                          build/os_q.o
OSQFreeList                                       build/os_core.o
                                                  build/os_q.o
OSQMax                                            build/os_dbg.o
OSQPend                                           build/os_q.o
OSQPendAbort                                      build/os_q.o
OSQPost                                           build/os_q.o
OSQPostFront                                      build/os_q.o
OSQPostOpt                                        build/os_q.o
OSQQuery                                          build/os_q.o
OSQSize                                           build/os_dbg.o
OSQTbl                                            build/os_core.o
                                                  build/os_q.o
OSRdyGrp                                          build/os_core.o
                                                  build/os_time.o
                                                  build/os_task.o
                                                  build/os_mutex.o
                                                  build/os_flag.o
OSRdyTbl                                          build/os_core.o
                                                  build/os_time.o
                                                  build/os_task.o
                                                  build/os_mutex.o
                                                  build/os_flag.o
OSRdyTblSize                                      build/os_dbg.o
OSRunning                                         build/os_core.o
                                                  build/os_cpu_a.o
                                                  build/os_task.o
OSSchedLock                                       build/os_core.o
OSSchedUnlock                                     build/os_core.o
OSSemAccept                                       build/os_sem.o
OSSemCreate                                       build/os_sem.o
OSSemDel                                          build/os_sem.o
OSSemEn                                           build/os_dbg.o
OSSemPend                                         build/os_sem.o
OSSemPendAbort                                    build/os_sem.o
OSSemPost                                         build/os_sem.o
OSSemQuery                                        build/os_sem.o
OSSemSet                                          build/os_sem.o
OSStart                                           build/os_core.o
OSStartHighRdy                                    build/os_cpu_a.o
                                                  build/os_core.o
OSStatInit                                        build/os_core.o
OSStatRdy                                         build/os_core.o
OSStkWidth                                        build/os_dbg.o
OSTCBCur                                          build/os_core.o
                                                  build/os_cpu_a.o
                                                  build/os_cpu_c.o
                                                  build/os_time.o
                                                  build/os_task.o
                                                  build/os_sem.o
                                                  build/os_q.o
                                                  build/os_mutex.o
                                                  build/os_mbox.o
                                                  build/os_flag.o
OSTCBFreeList                                     build/os_core.o
                                                  build/os_task.o
OSTCBHighRdy                                      build/os_core.o
                                                  build/os_cpu_a.o
                                                  build/os_cpu_c.o
OSTCBInitHook                                     build/os_cpu_c.o
                                                  build/os_core.o
OSTCBList                                         build/os_core.o
                                                  build/os_task.o
OSTCBPrioTbl                                      build/os_core.o
                                                  build/os_time.o
                                                  build/os_task.o
                                                  build/os_mutex.o
OSTCBPrioTblMax                                   build/os_dbg.o
OSTCBSize                                         build/os_dbg.o
OSTCBTbl                                          build/os_core.o
OSTaskChangePrio                                  build/os_task.o
OSTaskCreate                                      build/os_task.o
OSTaskCreateEn                                    build/os_dbg.o
OSTaskCreateExt                                   build/os_task.o
                                                  build/os_core.o
OSTaskCreateExtEn                                 build/os_dbg.o
OSTaskCreateHook                                  build/os_cpu_c.o
                                                  build/os_core.o
OSTaskCtr                                         build/os_core.o
                                                  build/os_task.o
OSTaskDel                                         build/os_task.o
OSTaskDelEn                                       build/os_dbg.o
OSTaskDelHook                                     build/os_cpu_c.o
                                                  build/os_task.o
OSTaskDelReq                                      build/os_task.o
OSTaskIdleHook                                    build/os_cpu_c.o
                                                  build/os_core.o
OSTaskIdleStk                                     build/os_core.o
OSTaskIdleStkSize                                 build/os_dbg.o
OSTaskMax                                         build/os_dbg.o
OSTaskNameEn                                      build/os_dbg.o
OSTaskNameGet                                     build/os_task.o
OSTaskNameSet                                     build/os_task.o
                                                  build/os_core.o
OSTaskProfileEn                                   build/os_dbg.o
OSTaskQuery                                       build/os_task.o
OSTaskRegGet                                      build/os_task.o
OSTaskRegGetID                                    build/os_task.o
OSTaskRegNextAvailID                              build/os_core.o
                                                  build/os_task.o
OSTaskRegSet                                      build/os_task.o
OSTaskRegTblSize                                  build/os_dbg.o
OSTaskResume                                      build/os_task.o
OSTaskReturnHook                                  build/os_cpu_c.o
                                                  build/os_task.o
OSTaskStatEn                                      build/os_dbg.o
OSTaskStatHook                                    build/os_cpu_c.o
                                                  build/os_core.o
OSTaskStatStk                                     build/os_core.o
OSTaskStatStkChkEn                                build/os_dbg.o
OSTaskStatStkSize                                 build/os_dbg.o
OSTaskStkChk                                      build/os_task.o
                                                  build/os_core.o
OSTaskStkInit                                     build/os_cpu_c.o
                                                  build/os_task.o
OSTaskSuspend                                     build/os_task.o
                                                  build/os_core.o
OSTaskSwHook                                      build/os_cpu_c.o
                                                  build/os_cpu_a.o
OSTaskSwHookEn                                    build/os_dbg.o
OSTickStepState                                   build/os_core.o
OSTicksPerSec                                     build/os_dbg.o
OSTime                                            build/os_core.o
                                                  build/os_time.o
OSTimeDly                                         build/os_time.o
                                                  build/os_core.o
OSTimeDlyHMSM                                     build/os_time.o
OSTimeDlyResume                                   build/os_time.o
OSTimeGet                                         build/os_time.o
OSTimeSet                                         build/os_time.o
OSTimeTick                                        build/os_core.o
                                                  build/os_cpu_c.o
OSTimeTickHook                                    build/os_cpu_c.o
                                                  build/os_core.o
OSTimeTickHookEn                                  build/os_dbg.o
OSTmrCfgMax                                       build/os_dbg.o
OSTmrCfgNameEn                                    build/os_dbg.o
OSTmrCfgTicksPerSec                               build/os_dbg.o
OSTmrCfgWheelSize                                 build/os_dbg.o
OSTmrEn                                           build/os_dbg.o
OSTmrSize                                         build/os_dbg.o
OSTmrTblSize                                      build/os_dbg.o
OSTmrWheelSize                                    build/os_dbg.o
OSTmrWheelTblSize                                 build/os_dbg.o
OSUnMapTbl                                        build/os_core.o
OSVersion                                         build/os_core.o
OSVersionNbr                                      build/os_dbg.o
OS_CPU_ExceptStk                                  build/os_cpu_c.o
OS_CPU_ExceptStkBase                              build/os_cpu_c.o
                                                  build/os_cpu_a.o
OS_CPU_FP_Reg_Pop                                 build/os_cpu_a.o
                                                  build/os_cpu_c.o
OS_CPU_FP_Reg_Push                                build/os_cpu_a.o
                                                  build/os_cpu_c.o
OS_CPU_PendSVHandler                              build/os_cpu_a.o
OS_CPU_SR_Restore                                 build/os_cpu_a.o
                                                  build/os_cpu_c.o
                                                  build/os_time.o
                                                  build/os_task.o
                                                  build/os_sem.o
                                                  build/os_q.o
                                                  build/os_mutex.o
                                                  build/os_mbox.o
                                                  build/os_flag.o
                                                  build/os_core.o
OS_CPU_SR_Save                                    build/os_cpu_a.o
                                                  build/os_cpu_c.o
                                                  build/os_time.o
                                                  build/os_task.o
                                                  build/os_sem.o
                                                  build/os_q.o
                                                  build/os_mutex.o
                                                  build/os_mbox.o
                                                  build/os_flag.o
                                                  build/os_core.o
OS_CPU_SysTickHandler                             build/os_cpu_c.o
OS_CPU_SysTickInit                                build/os_cpu_c.o
OS_Dummy                                          build/os_core.o
                                                  build/os_task.o
OS_EventTaskRdy                                   build/os_core.o
                                                  build/os_sem.o
                                                  build/os_q.o
                                                  build/os_mutex.o
                                                  build/os_mbox.o
OS_EventTaskRemove                                build/os_core.o
                                                  build/os_task.o
                                                  build/os_sem.o
                                                  build/os_q.o
                                                  build/os_mutex.o
                                                  build/os_mbox.o
OS_EventTaskRemoveMulti                           build/os_core.o
                                                  build/os_task.o
OS_EventTaskWait                                  build/os_core.o
                                                  build/os_sem.o
                                                  build/os_q.o
                                                  build/os_mutex.o
                                                  build/os_mbox.o
OS_EventTaskWaitMulti                             build/os_core.o
OS_EventWaitListInit                              build/os_core.o
                                                  build/os_sem.o
                                                  build/os_q.o
                                                  build/os_mutex.o
                                                  build/os_mbox.o
OS_FlagInit                                       build/os_flag.o
                                                  build/os_core.o
OS_FlagUnlink                                     build/os_flag.o
                                                  build/os_task.o
OS_MemClr                                         build/os_core.o
                                                  build/os_q.o
                                                  build/os_flag.o
OS_MemCopy                                        build/os_core.o
                                                  build/os_task.o
OS_QInit                                          build/os_q.o
                                                  build/os_core.o
OS_Sched                                          build/os_core.o
                                                  build/os_time.o
                                                  build/os_task.o
                                                  build/os_sem.o
                                                  build/os_q.o
                                                  build/os_mutex.o
                                                  build/os_mbox.o
                                                  build/os_flag.o
OS_StrLen                                         build/os_core.o
                                                  build/os_task.o
                                                  build/os_flag.o
OS_TCBInit                                        build/os_core.o
                                                  build/os_task.o
OS_TaskIdle                                       build/os_core.o
OS_TaskReturn                                     build/os_task.o
                                                  build/os_cpu_c.o
OS_TaskStat                                       build/os_core.o
OS_TaskStatStkChk                                 build/os_core.o
OS_TaskStkClr                                     build/os_task.o
OTG_FS_IRQHandler                                 build/startup_stm32f405xx.o
OTG_FS_WKUP_IRQHandler                            build/startup_stm32f405xx.o
OTG_HS_EP1_IN_IRQHandler                          build/startup_stm32f405xx.o
OTG_HS_EP1_OUT_IRQHandler                         build/startup_stm32f405xx.o
OTG_HS_IRQHandler                                 build/startup_stm32f405xx.o
OTG_HS_WKUP_IRQHandler                            build/startup_stm32f405xx.o
PVD_IRQHandler                                    build/startup_stm32f405xx.o
PWR_BackupAccessCmd                               build/stm32f4xx_pwr.o
PWR_BackupRegulatorCmd                            build/stm32f4xx_pwr.o
PWR_ClearFlag                                     build/stm32f4xx_pwr.o
PWR_DeInit                                        build/stm32f4xx_pwr.o
PWR_EnterSTANDBYMode                              build/stm32f4xx_pwr.o
PWR_EnterSTOPMode                                 build/stm32f4xx_pwr.o
PWR_FlashPowerDownCmd                             build/stm32f4xx_pwr.o
PWR_GetFlagStatus                                 build/stm32f4xx_pwr.o
PWR_MainRegulatorModeConfig                       build/stm32f4xx_pwr.o
PWR_PVDCmd                                        build/stm32f4xx_pwr.o
PWR_PVDLevelConfig                                build/stm32f4xx_pwr.o
PWR_WakeUpPinCmd                                  build/stm32f4xx_pwr.o
PendSV_Handler                                    build/startup_stm32f405xx.o
RCC_AHB1PeriphClockCmd                            build/stm32f4xx_rcc.o
                                                  build/main.o
RCC_AHB1PeriphClockLPModeCmd                      build/stm32f4xx_rcc.o
RCC_AHB1PeriphResetCmd                            build/stm32f4xx_rcc.o
                                                  build/stm32f4xx_gpio.o
RCC_AHB2PeriphClockCmd                            build/stm32f4xx_rcc.o
RCC_AHB2PeriphClockLPModeCmd                      build/stm32f4xx_rcc.o
RCC_AHB2PeriphResetCmd                            build/stm32f4xx_rcc.o
                                                  build/stm32f4xx_rng.o
                                                  build/stm32f4xx_hash.o
                                                  build/stm32f4xx_cryp.o
RCC_AHB3PeriphClockCmd                            build/stm32f4xx_rcc.o
RCC_AHB3PeriphClockLPModeCmd                      build/stm32f4xx_rcc.o
RCC_AHB3PeriphResetCmd                            build/stm32f4xx_rcc.o
RCC_APB1PeriphClockCmd                            build/stm32f4xx_rcc.o
RCC_APB1PeriphClockLPModeCmd                      build/stm32f4xx_rcc.o
RCC_APB1PeriphResetCmd                            build/stm32f4xx_rcc.o
                                                  build/stm32f4xx_wwdg.o
                                                  build/stm32f4xx_usart.o
                                                  build/stm32f4xx_tim.o
                                                  build/stm32f4xx_spi.o
                                                  build/stm32f4xx_pwr.o
                                                  build/stm32f4xx_i2c.o
                                                  build/stm32f4xx_dac.o
                                                  build/stm32f4xx_can.o
RCC_APB2PeriphClockCmd                            build/stm32f4xx_rcc.o
RCC_APB2PeriphClockLPModeCmd                      build/stm32f4xx_rcc.o
RCC_APB2PeriphResetCmd                            build/stm32f4xx_rcc.o
                                                  build/stm32f4xx_usart.o
                                                  build/stm32f4xx_tim.o
                                                  build/stm32f4xx_syscfg.o
                                                  build/stm32f4xx_spi.o
                                                  build/stm32f4xx_sdio.o
                                                  build/stm32f4xx_adc.o
RCC_AdjustHSICalibrationValue                     build/stm32f4xx_rcc.o
RCC_BackupResetCmd                                build/stm32f4xx_rcc.o
RCC_ClearFlag                                     build/stm32f4xx_rcc.o
RCC_ClearITPendingBit                             build/stm32f4xx_rcc.o
RCC_ClockSecuritySystemCmd                        build/stm32f4xx_rcc.o
RCC_DeInit                                        build/stm32f4xx_rcc.o
RCC_GetClocksFreq                                 build/stm32f4xx_rcc.o
                                                  build/stm32f4xx_usart.o
                                                  build/stm32f4xx_i2c.o
RCC_GetFlagStatus                                 build/stm32f4xx_rcc.o
RCC_GetITStatus                                   build/stm32f4xx_rcc.o
RCC_GetSYSCLKSource                               build/stm32f4xx_rcc.o
RCC_HCLKConfig                                    build/stm32f4xx_rcc.o
RCC_HSEConfig                                     build/stm32f4xx_rcc.o
RCC_HSICmd                                        build/stm32f4xx_rcc.o
RCC_I2SCLKConfig                                  build/stm32f4xx_rcc.o
RCC_IRQHandler                                    build/startup_stm32f405xx.o
RCC_ITConfig                                      build/stm32f4xx_rcc.o
RCC_LSEConfig                                     build/stm32f4xx_rcc.o
RCC_LSICmd                                        build/stm32f4xx_rcc.o
RCC_MCO1Config                                    build/stm32f4xx_rcc.o
RCC_MCO2Config                                    build/stm32f4xx_rcc.o
RCC_PCLK1Config                                   build/stm32f4xx_rcc.o
RCC_PCLK2Config                                   build/stm32f4xx_rcc.o
RCC_PLLCmd                                        build/stm32f4xx_rcc.o
RCC_PLLConfig                                     build/stm32f4xx_rcc.o
RCC_PLLI2SCmd                                     build/stm32f4xx_rcc.o
RCC_PLLI2SConfig                                  build/stm32f4xx_rcc.o
RCC_RTCCLKCmd                                     build/stm32f4xx_rcc.o
RCC_RTCCLKConfig                                  build/stm32f4xx_rcc.o
RCC_SYSCLKConfig                                  build/stm32f4xx_rcc.o
RCC_WaitForHSEStartUp                             build/stm32f4xx_rcc.o
RNG_ClearFlag                                     build/stm32f4xx_rng.o
RNG_ClearITPendingBit                             build/stm32f4xx_rng.o
RNG_Cmd                                           build/stm32f4xx_rng.o
RNG_DeInit                                        build/stm32f4xx_rng.o
RNG_GetFlagStatus                                 build/stm32f4xx_rng.o
RNG_GetITStatus                                   build/stm32f4xx_rng.o
RNG_GetRandomNumber                               build/stm32f4xx_rng.o
RNG_ITConfig                                      build/stm32f4xx_rng.o
RTC_AlarmCmd                                      build/stm32f4xx_rtc.o
RTC_AlarmStructInit                               build/stm32f4xx_rtc.o
RTC_AlarmSubSecondConfig                          build/stm32f4xx_rtc.o
RTC_Alarm_IRQHandler                              build/startup_stm32f405xx.o
RTC_BypassShadowCmd                               build/stm32f4xx_rtc.o
RTC_CalibOutputCmd                                build/stm32f4xx_rtc.o
RTC_CalibOutputConfig                             build/stm32f4xx_rtc.o
RTC_ClearFlag                                     build/stm32f4xx_rtc.o
RTC_ClearITPendingBit                             build/stm32f4xx_rtc.o
RTC_CoarseCalibCmd                                build/stm32f4xx_rtc.o
RTC_CoarseCalibConfig                             build/stm32f4xx_rtc.o
RTC_DateStructInit                                build/stm32f4xx_rtc.o
RTC_DayLightSavingConfig                          build/stm32f4xx_rtc.o
RTC_DeInit                                        build/stm32f4xx_rtc.o
RTC_EnterInitMode                                 build/stm32f4xx_rtc.o
RTC_ExitInitMode                                  build/stm32f4xx_rtc.o
RTC_GetAlarm                                      build/stm32f4xx_rtc.o
RTC_GetAlarmSubSecond                             build/stm32f4xx_rtc.o
RTC_GetDate                                       build/stm32f4xx_rtc.o
RTC_GetFlagStatus                                 build/stm32f4xx_rtc.o
RTC_GetITStatus                                   build/stm32f4xx_rtc.o
RTC_GetStoreOperation                             build/stm32f4xx_rtc.o
RTC_GetSubSecond                                  build/stm32f4xx_rtc.o
RTC_GetTime                                       build/stm32f4xx_rtc.o
RTC_GetTimeStamp                                  build/stm32f4xx_rtc.o
RTC_GetTimeStampSubSecond                         build/stm32f4xx_rtc.o
RTC_GetWakeUpCounter                              build/stm32f4xx_rtc.o
RTC_ITConfig                                      build/stm32f4xx_rtc.o
RTC_Init                                          build/stm32f4xx_rtc.o
RTC_OutputConfig                                  build/stm32f4xx_rtc.o
RTC_OutputTypeConfig                              build/stm32f4xx_rtc.o
RTC_ReadBackupRegister                            build/stm32f4xx_rtc.o
RTC_RefClockCmd                                   build/stm32f4xx_rtc.o
RTC_SetAlarm                                      build/stm32f4xx_rtc.o
RTC_SetDate                                       build/stm32f4xx_rtc.o
RTC_SetTime                                       build/stm32f4xx_rtc.o
RTC_SetWakeUpCounter                              build/stm32f4xx_rtc.o
RTC_SmoothCalibConfig                             build/stm32f4xx_rtc.o
RTC_StructInit                                    build/stm32f4xx_rtc.o
RTC_SynchroShiftConfig                            build/stm32f4xx_rtc.o
RTC_TamperCmd                                     build/stm32f4xx_rtc.o
RTC_TamperFilterConfig                            build/stm32f4xx_rtc.o
RTC_TamperPinSelection                            build/stm32f4xx_rtc.o
RTC_TamperPinsPrechargeDuration                   build/stm32f4xx_rtc.o
RTC_TamperPullUpCmd                               build/stm32f4xx_rtc.o
RTC_TamperSamplingFreqConfig                      build/stm32f4xx_rtc.o
RTC_TamperTriggerConfig                           build/stm32f4xx_rtc.o
RTC_TimeStampCmd                                  build/stm32f4xx_rtc.o
RTC_TimeStampOnTamperDetectionCmd                 build/stm32f4xx_rtc.o
RTC_TimeStampPinSelection                         build/stm32f4xx_rtc.o
RTC_TimeStructInit                                build/stm32f4xx_rtc.o
RTC_WKUP_IRQHandler                               build/startup_stm32f405xx.o
RTC_WaitForSynchro                                build/stm32f4xx_rtc.o
RTC_WakeUpClockConfig                             build/stm32f4xx_rtc.o
RTC_WakeUpCmd                                     build/stm32f4xx_rtc.o
RTC_WriteBackupRegister                           build/stm32f4xx_rtc.o
RTC_WriteProtectionCmd                            build/stm32f4xx_rtc.o
Reset_Handler                                     build/startup_stm32f405xx.o
SDIO_CEATAITCmd                                   build/stm32f4xx_sdio.o
SDIO_ClearFlag                                    build/stm32f4xx_sdio.o
SDIO_ClearITPendingBit                            build/stm32f4xx_sdio.o
SDIO_ClockCmd                                     build/stm32f4xx_sdio.o
SDIO_CmdStructInit                                build/stm32f4xx_sdio.o
SDIO_CommandCompletionCmd                         build/stm32f4xx_sdio.o
SDIO_DMACmd                                       build/stm32f4xx_sdio.o
SDIO_DataConfig                                   build/stm32f4xx_sdio.o
SDIO_DataStructInit                               build/stm32f4xx_sdio.o
SDIO_DeInit                                       build/stm32f4xx_sdio.o
SDIO_GetCommandResponse                           build/stm32f4xx_sdio.o
SDIO_GetDataCounter                               build/stm32f4xx_sdio.o
SDIO_GetFIFOCount                                 build/stm32f4xx_sdio.o
SDIO_GetFlagStatus                                build/stm32f4xx_sdio.o
SDIO_GetITStatus                                  build/stm32f4xx_sdio.o
SDIO_GetPowerState                                build/stm32f4xx_sdio.o
SDIO_GetResponse                                  build/stm32f4xx_sdio.o
SDIO_IRQHandler                                   build/startup_stm32f405xx.o
SDIO_ITConfig                                     build/stm32f4xx_sdio.o
SDIO_Init                                         build/stm32f4xx_sdio.o
SDIO_ReadData                                     build/stm32f4xx_sdio.o
SDIO_SendCEATACmd                                 build/stm32f4xx_sdio.o
SDIO_SendCommand                                  build/stm32f4xx_sdio.o
SDIO_SendSDIOSuspendCmd                           build/stm32f4xx_sdio.o
SDIO_SetPowerState                                build/stm32f4xx_sdio.o
SDIO_SetSDIOOperation                             build/stm32f4xx_sdio.o
SDIO_SetSDIOReadWaitMode                          build/stm32f4xx_sdio.o
SDIO_StartSDIOReadWait                            build/stm32f4xx_sdio.o
SDIO_StopSDIOReadWait                             build/stm32f4xx_sdio.o
SDIO_StructInit                                   build/stm32f4xx_sdio.o
SDIO_WriteData                                    build/stm32f4xx_sdio.o
SPI1_IRQHandler                                   build/startup_stm32f405xx.o
SPI2_IRQHandler                                   build/startup_stm32f405xx.o
SPI3_IRQHandler                                   build/startup_stm32f405xx.o
SPI_BiDirectionalLineConfig                       build/stm32f4xx_spi.o
SPI_CalculateCRC                                  build/stm32f4xx_spi.o
SPI_Cmd                                           build/stm32f4xx_spi.o
SPI_DataSizeConfig                                build/stm32f4xx_spi.o
SPI_GetCRC                                        build/stm32f4xx_spi.o
SPI_GetCRCPolynomial                              build/stm32f4xx_spi.o
SPI_I2S_ClearFlag                                 build/stm32f4xx_spi.o
SPI_I2S_ClearITPendingBit                         build/stm32f4xx_spi.o
SPI_I2S_DMACmd                                    build/stm32f4xx_spi.o
SPI_I2S_DeInit                                    build/stm32f4xx_spi.o
SPI_I2S_GetFlagStatus                             build/stm32f4xx_spi.o
SPI_I2S_GetITStatus                               build/stm32f4xx_spi.o
SPI_I2S_ITConfig                                  build/stm32f4xx_spi.o
SPI_I2S_ReceiveData                               build/stm32f4xx_spi.o
SPI_I2S_SendData                                  build/stm32f4xx_spi.o
SPI_Init                                          build/stm32f4xx_spi.o
SPI_NSSInternalSoftwareConfig                     build/stm32f4xx_spi.o
SPI_SSOutputCmd                                   build/stm32f4xx_spi.o
SPI_StructInit                                    build/stm32f4xx_spi.o
SPI_TIModeCmd                                     build/stm32f4xx_spi.o
SPI_TransmitCRC                                   build/stm32f4xx_spi.o
SVC_Handler                                       build/stm32f4xx_it.o
SYSCFG_CompensationCellCmd                        build/stm32f4xx_syscfg.o
SYSCFG_DeInit                                     build/stm32f4xx_syscfg.o
SYSCFG_ETH_MediaInterfaceConfig                   build/stm32f4xx_syscfg.o
SYSCFG_EXTILineConfig                             build/stm32f4xx_syscfg.o
SYSCFG_GetCompensationCellStatus                  build/stm32f4xx_syscfg.o
SYSCFG_MemoryRemapConfig                          build/stm32f4xx_syscfg.o
SysTick_CLKSourceConfig                           build/misc.o
SysTick_Handler                                   build/startup_stm32f405xx.o
SystemCoreClock                                   build/system_stm32f4xx.o
SystemCoreClockUpdate                             build/system_stm32f4xx.o
SystemInit                                        build/system_stm32f4xx.o
                                                  build/startup_stm32f405xx.o
TAMP_STAMP_IRQHandler                             build/startup_stm32f405xx.o
TIM1_BRK_TIM9_IRQHandler                          build/startup_stm32f405xx.o
TIM1_CC_IRQHandler                                build/startup_stm32f405xx.o
TIM1_TRG_COM_TIM11_IRQHandler                     build/startup_stm32f405xx.o
TIM1_UP_TIM10_IRQHandler                          build/startup_stm32f405xx.o
TIM2_IRQHandler                                   build/startup_stm32f405xx.o
TIM3_IRQHandler                                   build/startup_stm32f405xx.o
TIM4_IRQHandler                                   build/startup_stm32f405xx.o
TIM5_IRQHandler                                   build/startup_stm32f405xx.o
TIM6_DAC_IRQHandler                               build/startup_stm32f405xx.o
TIM7_IRQHandler                                   build/startup_stm32f405xx.o
TIM8_BRK_TIM12_IRQHandler                         build/startup_stm32f405xx.o
TIM8_CC_IRQHandler                                build/startup_stm32f405xx.o
TIM8_TRG_COM_TIM14_IRQHandler                     build/startup_stm32f405xx.o
TIM8_UP_TIM13_IRQHandler                          build/startup_stm32f405xx.o
TIM_ARRPreloadConfig                              build/stm32f4xx_tim.o
TIM_BDTRConfig                                    build/stm32f4xx_tim.o
TIM_BDTRStructInit                                build/stm32f4xx_tim.o
TIM_CCPreloadControl                              build/stm32f4xx_tim.o
TIM_CCxCmd                                        build/stm32f4xx_tim.o
TIM_CCxNCmd                                       build/stm32f4xx_tim.o
TIM_ClearFlag                                     build/stm32f4xx_tim.o
TIM_ClearITPendingBit                             build/stm32f4xx_tim.o
TIM_ClearOC1Ref                                   build/stm32f4xx_tim.o
TIM_ClearOC2Ref                                   build/stm32f4xx_tim.o
TIM_ClearOC3Ref                                   build/stm32f4xx_tim.o
TIM_ClearOC4Ref                                   build/stm32f4xx_tim.o
TIM_Cmd                                           build/stm32f4xx_tim.o
TIM_CounterModeConfig                             build/stm32f4xx_tim.o
TIM_CtrlPWMOutputs                                build/stm32f4xx_tim.o
TIM_DMACmd                                        build/stm32f4xx_tim.o
TIM_DMAConfig                                     build/stm32f4xx_tim.o
TIM_DeInit                                        build/stm32f4xx_tim.o
TIM_ETRClockMode1Config                           build/stm32f4xx_tim.o
TIM_ETRClockMode2Config                           build/stm32f4xx_tim.o
TIM_ETRConfig                                     build/stm32f4xx_tim.o
TIM_EncoderInterfaceConfig                        build/stm32f4xx_tim.o
TIM_ForcedOC1Config                               build/stm32f4xx_tim.o
TIM_ForcedOC2Config                               build/stm32f4xx_tim.o
TIM_ForcedOC3Config                               build/stm32f4xx_tim.o
TIM_ForcedOC4Config                               build/stm32f4xx_tim.o
TIM_GenerateEvent                                 build/stm32f4xx_tim.o
TIM_GetCapture1                                   build/stm32f4xx_tim.o
TIM_GetCapture2                                   build/stm32f4xx_tim.o
TIM_GetCapture3                                   build/stm32f4xx_tim.o
TIM_GetCapture4                                   build/stm32f4xx_tim.o
TIM_GetCounter                                    build/stm32f4xx_tim.o
TIM_GetFlagStatus                                 build/stm32f4xx_tim.o
TIM_GetITStatus                                   build/stm32f4xx_tim.o
TIM_GetPrescaler                                  build/stm32f4xx_tim.o